load glyph failed err=6 face=0x1ef6f80, glyph=2797
load glyph failed err=6 face=0x1ef6f80, glyph=2797
